<Level>
    <EditorSession>
        <Performance CamClipPlanes="0.05 1000" LightsActive="true" PSActive="true" ShowFog="true" ShowSkybox="true" WorldReflection="true" />
        <ViewportConfig BGColor="0.2 0.2 0.2 1" GAmbientLight="false" GPointLight="false" GridSnap="false" GridSnapSeparation="0.25" SelectedViewport="3" UsingEnlargedViewport="true">
            <Viewport CameraPosition="0 0 180" CameraTarget="0 0 0" CameraZoom="0" GridHeight="0" GridPlane="2" Preset="0" RenderMode="1" ShowAxes="true" ShowGrid="true" UsingLTCam="true" />
            <Viewport CameraPosition="180 0 0" CameraTarget="0 0 0" CameraZoom="0" GridHeight="0" GridPlane="0" Preset="1" RenderMode="1" ShowAxes="true" ShowGrid="true" UsingLTCam="true" />
            <Viewport CameraPosition="0 180 0" CameraTarget="0 0 0" CameraZoom="0" GridHeight="0" GridPlane="1" Preset="2" RenderMode="1" ShowAxes="true" ShowGrid="true" UsingLTCam="true" />
            <Viewport CameraPosition="9.71017 9.39241 -0.823009" CameraTarget="-0.130801 -2.86102e-006 -1.61171" CameraZoom="1.3" GridHeight="0" GridPlane="1" Preset="3" RenderMode="0" ShowAxes="true" ShowGrid="true" UsingLTCam="true" />
        </ViewportConfig>
        <Groups>
            <Group ID="0" Name="None" Visible="true" />
        </Groups>
    </EditorSession>
    <MapData FogActive="false" FogColor="1 1 1 1" FogCulling="true" FogEnd="20" FogFalloffExp="1" FogStart="0" GlobalDecalMaxTris="300" Name="" SkyBoxActive="false" SkyBoxColor="1 1 1 1" SkyBoxTexture="../../../../../../">
        <MapContents>
            <FileIndex_StaticObjects NumOfFiles="9">
                <File Id="0" Path="static_objects/cellarbase/wall/default.dae" />
                <File Id="1" Path="static_objects/cellarbase/wall/default02.dae" />
                <File Id="2" Path="static_objects/cellarbase/wall/default03.dae" />
                <File Id="3" Path="static_objects/cellarbase/wall/door_way.dae" />
                <File Id="4" Path="static_objects/cellarbase/wall/door_frame.dae" />
                <File Id="5" Path="static_objects/cellarbase/wall/sloping_side_right.dae" />
                <File Id="6" Path="static_objects/cellarbase/stairs/wood.dae" />
                <File Id="7" Path="static_objects/decals/dirt_wall_leak03.dae" />
                <File Id="8" Path="static_objects/cellarbase/wall/sloping_side_left.dae" />
            </FileIndex_StaticObjects>
            <FileIndex_Entities NumOfFiles="2">
                <File Id="0" Path="entities/storage/shelf_no_back/shelf_no_back.ent" />
                <File Id="1" Path="entities/storage/storage_box_wood01/storage_box_wood01.ent" />
            </FileIndex_Entities>
            <FileIndex_Decals NumOfFiles="0" />
            <StaticObjects>
                <StaticObject CastShadows="true" Collides="true" FileIndex="0" Group="0" ID="2" Name="wall_default_1" Rotation="0 -1.74846e-007 0" Scale="1 1 1" Tag="" WorldPos="-4 0 -8" />
                <StaticObject CastShadows="true" Collides="true" FileIndex="0" Group="0" ID="4" Name="wall_default_3" Rotation="0 -1.74846e-007 0" Scale="1 1 1" Tag="" WorldPos="4 0 -8" />
                <StaticObject CastShadows="true" Collides="true" FileIndex="0" Group="0" ID="5" Name="wall_default_4" Rotation="3.14159 -1.5708 3.14159" Scale="1 1 1" Tag="" WorldPos="6 0 -6" />
                <StaticObject CastShadows="true" Collides="true" FileIndex="0" Group="0" ID="7" Name="wall_default_6" Rotation="3.14159 -1.5708 3.14159" Scale="1 1 1" Tag="" WorldPos="6 0 2" />
                <StaticObject CastShadows="true" Collides="true" FileIndex="0" Group="0" ID="9" Name="wall_default_8" Rotation="3.14159 2.38498e-008 3.14159" Scale="1 1 1" Tag="" WorldPos="4 0 4" />
                <StaticObject CastShadows="true" Collides="true" FileIndex="0" Group="0" ID="11" Name="wall_default_10" Rotation="3.14159 2.38498e-008 3.14159" Scale="1 1 1" Tag="" WorldPos="-4 0 4" />
                <StaticObject CastShadows="true" Collides="true" FileIndex="0" Group="0" ID="14" Name="wall_default_13" Rotation="0 1.5708 0" Scale="1 1 1" Tag="" WorldPos="-5.75 0 2" />
                <StaticObject CastShadows="true" Collides="true" FileIndex="0" Group="0" ID="15" Name="wall_default_14" Rotation="0 1.5708 0" Scale="1 1 1" Tag="" WorldPos="-5.75 0 -6" />
                <StaticObject CastShadows="true" Collides="true" FileIndex="1" Group="0" ID="16" Name="wall_default02_1" Rotation="0 1.5708 0" Scale="1 1 1" Tag="" WorldPos="-5.75 0 -2" />
                <StaticObject CastShadows="true" Collides="true" FileIndex="2" Group="0" ID="17" Name="wall_default03_1" Rotation="3.14159 -1.5708 3.14159" Scale="1 1 1" Tag="" WorldPos="6 0 -2" />
                <StaticObject CastShadows="true" Collides="true" FileIndex="3" Group="0" ID="22" Name="wall_door_way_1" Rotation="0 -3.49691e-007 0" Scale="1 1 1" Tag="" WorldPos="0 0 -8" />
                <StaticObject CastShadows="true" Collides="true" FileIndex="3" Group="0" ID="23" Name="wall_door_way_2" Rotation="3.14159 2.38498e-008 3.14159" Scale="1 1 1" Tag="" WorldPos="0 0 -8" />
                <StaticObject CastShadows="true" Collides="true" FileIndex="0" Group="0" ID="24" Name="wall_default_11" Rotation="3.14159 4.61738e-006 3.14159" Scale="1 1 1" Tag="" WorldPos="4 0 -8" />
                <StaticObject CastShadows="true" Collides="true" FileIndex="0" Group="0" ID="25" Name="wall_default_2" Rotation="3.14159 4.61738e-006 3.14159" Scale="1 1 1" Tag="" WorldPos="-4 0 -8" />
                <StaticObject CastShadows="true" Collides="true" FileIndex="4" Group="0" ID="26" Name="wall_door_frame_1" Rotation="3.14159 2.38498e-008 3.14159" Scale="1 1 1" Tag="" WorldPos="0 0 -8" />
                <StaticObject CastShadows="true" Collides="true" FileIndex="5" Group="0" ID="28" Name="wall_sloping_side_right_1" Rotation="3.14159 2.38498e-008 3.14159" Scale="1 1 1" Tag="" WorldPos="-5.74751 0 4" />
                <StaticObject CastShadows="true" Collides="true" FileIndex="6" Group="0" ID="30" Name="stairs_wood_1" Rotation="3.14159 2.38498e-008 3.14159" Scale="1 1 1" Tag="" WorldPos="0 -1.93266 -12.1392" />
                <StaticObject CastShadows="true" Collides="true" FileIndex="0" Group="0" ID="31" Name="wall_default_12" Rotation="-3.12881 -1.5708 3.12881" Scale="1 1 1" Tag="" WorldPos="2.25 -4 -10" />
                <StaticObject CastShadows="true" Collides="true" FileIndex="0" Group="0" ID="32" Name="wall_default_15" Rotation="-3.12881 -1.5708 3.12881" Scale="1 1 1" Tag="" WorldPos="2.25 0 -10" />
                <StaticObject CastShadows="true" Collides="true" FileIndex="0" Group="0" ID="33" Name="wall_default_16" Rotation="0.000120767 1.5708 0.000120771" Scale="1 1 1" Tag="" WorldPos="-2.25 -4 -10" />
                <StaticObject CastShadows="true" Collides="true" FileIndex="0" Group="0" ID="34" Name="wall_default_17" Rotation="0.000120767 1.5708 0.000120771" Scale="1 1 1" Tag="" WorldPos="-2.25 0 -10" />
                <StaticObject CastShadows="true" Collides="true" FileIndex="0" Group="0" ID="35" Name="wall_default_18" Rotation="3.14159 2.26498e-006 -3.14159" Scale="1 1 1" Tag="" WorldPos="0.25 -4 -8" />
                <StaticObject CastShadows="true" Collides="true" FileIndex="0" Group="0" ID="37" Name="wall_default_19" Rotation="3.14159 2.26498e-006 -3.14159" Scale="1 1 1" Tag="" WorldPos="-3.75 -4 -8" />
                <StaticObject CastShadows="true" Collides="true" FileIndex="0" Group="0" ID="39" Name="wall_default_20" Rotation="0.000120767 1.5708 0.000120771" Scale="1 1 1" Tag="" WorldPos="-2.25 0 -14" />
                <StaticObject CastShadows="true" Collides="true" FileIndex="0" Group="0" ID="40" Name="wall_default_21" Rotation="0.000120767 1.5708 0.000120771" Scale="1 1 1" Tag="" WorldPos="-2.25 -4 -14" />
                <StaticObject CastShadows="true" Collides="true" FileIndex="0" Group="0" ID="41" Name="wall_default_22" Rotation="-3.12881 -1.5708 3.12881" Scale="1 1 1" Tag="" WorldPos="2.25 0 -14" />
                <StaticObject CastShadows="true" Collides="true" FileIndex="0" Group="0" ID="42" Name="wall_default_23" Rotation="-3.12881 -1.5708 3.12881" Scale="1 1 1" Tag="" WorldPos="2.25 -4 -14" />
                <StaticObject CastShadows="true" Collides="true" FileIndex="0" Group="0" ID="43" Name="wall_default_24" Rotation="-3.12881 -1.5708 3.12881" Scale="1 1 1" Tag="" WorldPos="2.25 0 -18" />
                <StaticObject CastShadows="true" Collides="true" FileIndex="0" Group="0" ID="44" Name="wall_default_25" Rotation="-3.12881 -1.5708 3.12881" Scale="1 1 1" Tag="" WorldPos="2.25 -4 -18" />
                <StaticObject CastShadows="true" Collides="true" FileIndex="3" Group="0" ID="46" Name="wall_door_way_3" Rotation="3.14159 4.44253e-006 3.14159" Scale="1 1 1" Tag="" WorldPos="0 0 4" />
                <StaticObject CastShadows="true" Collides="true" FileIndex="4" Group="0" ID="47" Name="wall_door_frame_2" Rotation="0 -0 0" Scale="1 1 1" Tag="" WorldPos="0 0.25 4" />
                <StaticObject CastShadows="true" Collides="true" FileIndex="0" Group="0" ID="48" Name="wall_default_26" Rotation="0.000120767 1.5708 0.000120771" Scale="1 1 1" Tag="" WorldPos="-2.25 -4 -18" />
                <StaticObject CastShadows="true" Collides="true" FileIndex="0" Group="0" ID="49" Name="wall_default_27" Rotation="0.000120767 1.5708 0.000120771" Scale="1 1 1" Tag="" WorldPos="-2.25 0 -18" />
                <StaticObject CastShadows="true" Collides="true" FileIndex="8" Group="0" ID="92" Name="wall_sloping_side_left_1" Rotation="0 -0 0" Scale="1 1 1" Tag="" WorldPos="-5.72672 0 -8" />
                <StaticObject CastShadows="true" Collides="true" FileIndex="7" Group="0" ID="94" Name="dirt_wall_leak03_1" Rotation="1.57079 0 0" Scale="1 1 1" Tag="" WorldPos="-4.70912 3.14849 -8" />
                <StaticObject CastShadows="true" Collides="true" FileIndex="7" Group="0" ID="95" Name="dirt_wall_leak03_2" Rotation="1.57079 0 0" Scale="1 1 1" Tag="" WorldPos="-3.47965 3.13653 -8" />
                <StaticObject CastShadows="true" Collides="true" FileIndex="7" Group="0" ID="96" Name="dirt_wall_leak03_3" Rotation="1.57079 0 0" Scale="1.24779 1 1" Tag="" WorldPos="-2.21248 3.15529 -8" />
            </StaticObjects>
            <Primitives>
                <Plane Active="true" AlignToWorldCoords="false" CastShadows="false" Collides="true" Corner1UV="0 12.25" Corner2UV="0 0" Corner3UV="11.75 0" Corner4UV="11.75 12.25" EndCorner="11.75 0 12.25" Group="0" ID="27" Material="D:/Steam/SteamApps/common/Amnesia The Dark Descent/static_objects/cellarbase/floor/cellarbase_wood_floor.mat" Name="Plane" Rotation="0 0 0" Scale="1 1 1" StartCorner="0 0 0" Tag="" TextureAngle="0" TileAmount="1 1 1" TileOffset="0 0 0" WorldPos="-5.75 0 -8.08112" />
                <Plane Active="true" AlignToWorldCoords="false" CastShadows="false" Collides="true" Corner1UV="0 10.25" Corner2UV="0 0" Corner3UV="4.5 0" Corner4UV="4.5 10.25" EndCorner="4.5 0 10.25" Group="0" ID="38" Material="D:/Steam/SteamApps/common/Amnesia The Dark Descent/static_objects/cellarbase/floor/cellarbase_floor_rough.mat" Name="Plane" Rotation="0 0 0" Scale="1 1 1" StartCorner="0 0 0" Tag="" TextureAngle="0" TileAmount="1 1 1" TileOffset="0 0 0" WorldPos="-2.25 -1.75 -18" />
                <Plane Active="true" AlignToWorldCoords="false" CastShadows="false" Collides="true" Corner1UV="0 12.0059" Corner2UV="0 0" Corner3UV="3.25 0" Corner4UV="3.25 12.0059" EndCorner="3.25 0 12.0059" Group="0" ID="89" Material="C:/Program Files (x86)/Steam/steamapps/common/Amnesia The Dark Descent/static_objects/decals/moist_wall02.mat" Name="Plane" Rotation="0 0 1.57079" Scale="1 1 1" StartCorner="0 0 0" Tag="" TextureAngle="0" TileAmount="1 1 1" TileOffset="0 0 0" WorldPos="5.9829 0.5 -8" />
            </Primitives>
            <Decals />
            <Entities>
                <Entity Active="true" FileIndex="0" Group="0" ID="50" Name="shelf_no_back_1" Rotation="0 -0 0" Scale="1 1 1" Tag="" WorldPos="-3.34759 0 -6.97098">
                    <UserVariables>
                        <Var Name="CastShadows" Value="true" />
                        <Var Name="IsAffectedByDecal" Value="true" />
                    </UserVariables>
                </Entity>
                <Entity Active="true" FileIndex="0" Group="0" ID="51" Name="shelf_no_back_2" Rotation="3.14159 1.5708 3.14159" Scale="1 1 1" Tag="" WorldPos="-4.77697 0 -5.04533">
                    <UserVariables>
                        <Var Name="CastShadows" Value="true" />
                        <Var Name="IsAffectedByDecal" Value="true" />
                    </UserVariables>
                </Entity>
                <Entity Active="true" FileIndex="0" Group="0" ID="52" Name="shelf_no_back_3" Rotation="3.14159 1.5708 3.14159" Scale="1 1 1" Tag="" WorldPos="-4.95028 0 -1.84271">
                    <UserVariables>
                        <Var Name="CastShadows" Value="true" />
                        <Var Name="IsAffectedByDecal" Value="true" />
                    </UserVariables>
                </Entity>
                <Entity Active="true" FileIndex="0" Group="0" ID="53" Name="shelf_no_back_4" Rotation="3.14159 1.5708 3.14159" Scale="1 1 1" Tag="" WorldPos="-4.87409 0 1.39342">
                    <UserVariables>
                        <Var Name="CastShadows" Value="true" />
                        <Var Name="IsAffectedByDecal" Value="true" />
                    </UserVariables>
                </Entity>
                <Entity Active="true" FileIndex="0" Group="0" ID="54" Name="shelf_no_back_5" Rotation="3.14159 -8.74228e-008 3.14159" Scale="1 1 1" Tag="" WorldPos="-2.9075 0 2.95095">
                    <UserVariables>
                        <Var Name="CastShadows" Value="true" />
                        <Var Name="IsAffectedByDecal" Value="true" />
                    </UserVariables>
                </Entity>
                <Entity Active="true" FileIndex="0" Group="0" ID="56" Name="shelf_no_back_6" Rotation="0 -0 0" Scale="1 1 1" Tag="" WorldPos="3.44724 0 -6.91451">
                    <UserVariables>
                        <Var Name="CastShadows" Value="true" />
                        <Var Name="IsAffectedByDecal" Value="true" />
                    </UserVariables>
                </Entity>
                <Entity Active="true" FileIndex="0" Group="0" ID="57" Name="shelf_no_back_7" Rotation="3.14159 -1.5708 3.14159" Scale="1 1 1" Tag="" WorldPos="5.12191 0 -4.78428">
                    <UserVariables>
                        <Var Name="CastShadows" Value="true" />
                        <Var Name="IsAffectedByDecal" Value="true" />
                    </UserVariables>
                </Entity>
                <Entity Active="true" FileIndex="0" Group="0" ID="58" Name="shelf_no_back_8" Rotation="3.14159 -1.5708 3.14159" Scale="1 1 1" Tag="" WorldPos="5.07865 0 -2.17933">
                    <UserVariables>
                        <Var Name="CastShadows" Value="true" />
                        <Var Name="IsAffectedByDecal" Value="true" />
                    </UserVariables>
                </Entity>
                <Entity Active="true" FileIndex="0" Group="0" ID="59" Name="shelf_no_back_9" Rotation="3.14159 -1.5708 3.14159" Scale="1 1 1" Tag="" WorldPos="5.034 0 0.63209">
                    <UserVariables>
                        <Var Name="CastShadows" Value="true" />
                        <Var Name="IsAffectedByDecal" Value="true" />
                    </UserVariables>
                </Entity>
                <Entity Active="true" FileIndex="0" Group="0" ID="60" Name="shelf_no_back_10" Rotation="3.14159 8.74228e-008 3.14159" Scale="1 1 1" Tag="" WorldPos="3.12579 0 3.00548">
                    <UserVariables>
                        <Var Name="CastShadows" Value="true" />
                        <Var Name="IsAffectedByDecal" Value="true" />
                    </UserVariables>
                </Entity>
                <Entity Active="true" FileIndex="1" Group="0" ID="61" Name="storage_box_wood01_1" Rotation="3.14159 8.74228e-008 3.14159" Scale="1 1 1" Tag="" WorldPos="-4.69067 0 3.07791">
                    <UserVariables>
                        <Var Name="CastShadows" Value="true" />
                        <Var Name="StaticPhysics" Value="false" />
                        <Var Name="IsAffectedByDecal" Value="false" />
                        <Var Name="CallbackFunc" Value="" />
                        <Var Name="ConnectedProps" Value="" />
                        <Var Name="ConnectionStateChangeCallback" Value="" />
                        <Var Name="FullGameSave" Value="false" />
                        <Var Name="PlayerLookAtCallback" Value="" />
                        <Var Name="PlayerLookAtCallbackAutoRemove" Value="false" />
                        <Var Name="PlayerInteractCallback" Value="" />
                        <Var Name="PlayerInteractCallbackAutoRemove" Value="false" />
                        <Var Name="ContainedItem" Value="None" />
                        <Var Name="DisableBreakable" Value="false" />
                        <Var Name="IsInsanityVision" Value="false" />
                        <Var Name="VisionMaxSanity" Value="30" />
                    </UserVariables>
                </Entity>
                <Entity Active="true" FileIndex="1" Group="0" ID="62" Name="storage_box_wood01_2" Rotation="-3.14159 -0.523599 -3.14159" Scale="1 1 1" Tag="" WorldPos="-4.91185 0.699673 3.14947">
                    <UserVariables>
                        <Var Name="CastShadows" Value="true" />
                        <Var Name="StaticPhysics" Value="false" />
                        <Var Name="IsAffectedByDecal" Value="false" />
                        <Var Name="CallbackFunc" Value="" />
                        <Var Name="ConnectedProps" Value="" />
                        <Var Name="ConnectionStateChangeCallback" Value="" />
                        <Var Name="FullGameSave" Value="false" />
                        <Var Name="PlayerLookAtCallback" Value="" />
                        <Var Name="PlayerLookAtCallbackAutoRemove" Value="false" />
                        <Var Name="PlayerInteractCallback" Value="" />
                        <Var Name="PlayerInteractCallbackAutoRemove" Value="false" />
                        <Var Name="ContainedItem" Value="None" />
                        <Var Name="DisableBreakable" Value="false" />
                        <Var Name="IsInsanityVision" Value="false" />
                        <Var Name="VisionMaxSanity" Value="30" />
                    </UserVariables>
                </Entity>
                <Entity Active="true" FileIndex="1" Group="0" ID="63" Name="storage_box_wood01_3" Rotation="3.14159 -0.523599 3.14159" Scale="1 1 1" Tag="" WorldPos="-4.88649 0 -0.0735149">
                    <UserVariables>
                        <Var Name="CastShadows" Value="true" />
                        <Var Name="StaticPhysics" Value="false" />
                        <Var Name="IsAffectedByDecal" Value="false" />
                        <Var Name="CallbackFunc" Value="" />
                        <Var Name="ConnectedProps" Value="" />
                        <Var Name="ConnectionStateChangeCallback" Value="" />
                        <Var Name="FullGameSave" Value="false" />
                        <Var Name="PlayerLookAtCallback" Value="" />
                        <Var Name="PlayerLookAtCallbackAutoRemove" Value="false" />
                        <Var Name="PlayerInteractCallback" Value="" />
                        <Var Name="PlayerInteractCallbackAutoRemove" Value="false" />
                        <Var Name="ContainedItem" Value="None" />
                        <Var Name="DisableBreakable" Value="false" />
                        <Var Name="IsInsanityVision" Value="false" />
                        <Var Name="VisionMaxSanity" Value="30" />
                    </UserVariables>
                </Entity>
                <Entity Active="true" FileIndex="1" Group="0" ID="65" Name="storage_box_wood01_4" Rotation="3.14159 8.74228e-008 3.14159" Scale="1 1 1" Tag="" WorldPos="-4.28737 0 -0.98004">
                    <UserVariables>
                        <Var Name="CastShadows" Value="true" />
                        <Var Name="StaticPhysics" Value="false" />
                        <Var Name="IsAffectedByDecal" Value="false" />
                        <Var Name="CallbackFunc" Value="" />
                        <Var Name="ConnectedProps" Value="" />
                        <Var Name="ConnectionStateChangeCallback" Value="" />
                        <Var Name="FullGameSave" Value="false" />
                        <Var Name="PlayerLookAtCallback" Value="" />
                        <Var Name="PlayerLookAtCallbackAutoRemove" Value="false" />
                        <Var Name="PlayerInteractCallback" Value="" />
                        <Var Name="PlayerInteractCallbackAutoRemove" Value="false" />
                        <Var Name="ContainedItem" Value="None" />
                        <Var Name="DisableBreakable" Value="false" />
                        <Var Name="IsInsanityVision" Value="false" />
                        <Var Name="VisionMaxSanity" Value="30" />
                    </UserVariables>
                </Entity>
                <Entity Active="true" FileIndex="1" Group="0" ID="66" Name="storage_box_wood01_5" Rotation="3.14159 1.0472 3.14159" Scale="1 1 1" Tag="" WorldPos="-1.7171 0 -7.25866">
                    <UserVariables>
                        <Var Name="CastShadows" Value="true" />
                        <Var Name="StaticPhysics" Value="false" />
                        <Var Name="IsAffectedByDecal" Value="false" />
                        <Var Name="CallbackFunc" Value="" />
                        <Var Name="ConnectedProps" Value="" />
                        <Var Name="ConnectionStateChangeCallback" Value="" />
                        <Var Name="FullGameSave" Value="false" />
                        <Var Name="PlayerLookAtCallback" Value="" />
                        <Var Name="PlayerLookAtCallbackAutoRemove" Value="false" />
                        <Var Name="PlayerInteractCallback" Value="" />
                        <Var Name="PlayerInteractCallbackAutoRemove" Value="false" />
                        <Var Name="ContainedItem" Value="None" />
                        <Var Name="DisableBreakable" Value="false" />
                        <Var Name="IsInsanityVision" Value="false" />
                        <Var Name="VisionMaxSanity" Value="30" />
                    </UserVariables>
                </Entity>
                <Entity Active="true" FileIndex="1" Group="0" ID="67" Name="storage_box_wood01_6" Rotation="-3.14159 1.0472 -3.14159" Scale="1 1 1" Tag="" WorldPos="-1.67461 0.699675 -7.34326">
                    <UserVariables>
                        <Var Name="CastShadows" Value="true" />
                        <Var Name="StaticPhysics" Value="false" />
                        <Var Name="IsAffectedByDecal" Value="false" />
                        <Var Name="CallbackFunc" Value="" />
                        <Var Name="ConnectedProps" Value="" />
                        <Var Name="ConnectionStateChangeCallback" Value="" />
                        <Var Name="FullGameSave" Value="false" />
                        <Var Name="PlayerLookAtCallback" Value="" />
                        <Var Name="PlayerLookAtCallbackAutoRemove" Value="false" />
                        <Var Name="PlayerInteractCallback" Value="" />
                        <Var Name="PlayerInteractCallbackAutoRemove" Value="false" />
                        <Var Name="ContainedItem" Value="None" />
                        <Var Name="DisableBreakable" Value="false" />
                        <Var Name="IsInsanityVision" Value="false" />
                        <Var Name="VisionMaxSanity" Value="30" />
                    </UserVariables>
                </Entity>
                <Entity Active="true" FileIndex="1" Group="0" ID="68" Name="storage_box_wood01_7" Rotation="3.14159 0.523599 3.14159" Scale="1 1 1" Tag="" WorldPos="-5.09001 0 -6.72461">
                    <UserVariables>
                        <Var Name="CastShadows" Value="true" />
                        <Var Name="StaticPhysics" Value="false" />
                        <Var Name="IsAffectedByDecal" Value="false" />
                        <Var Name="CallbackFunc" Value="" />
                        <Var Name="ConnectedProps" Value="" />
                        <Var Name="ConnectionStateChangeCallback" Value="" />
                        <Var Name="FullGameSave" Value="false" />
                        <Var Name="PlayerLookAtCallback" Value="" />
                        <Var Name="PlayerLookAtCallbackAutoRemove" Value="false" />
                        <Var Name="PlayerInteractCallback" Value="" />
                        <Var Name="PlayerInteractCallbackAutoRemove" Value="false" />
                        <Var Name="ContainedItem" Value="None" />
                        <Var Name="DisableBreakable" Value="false" />
                        <Var Name="IsInsanityVision" Value="false" />
                        <Var Name="VisionMaxSanity" Value="30" />
                    </UserVariables>
                </Entity>
                <Entity Active="true" FileIndex="1" Group="0" ID="69" Name="storage_box_wood01_8" Rotation="-3.14159 0.523599 -3.14159" Scale="1 1 1" Tag="" WorldPos="-5.05327 0.699675 -6.8872">
                    <UserVariables>
                        <Var Name="CastShadows" Value="true" />
                        <Var Name="StaticPhysics" Value="false" />
                        <Var Name="IsAffectedByDecal" Value="false" />
                        <Var Name="CallbackFunc" Value="" />
                        <Var Name="ConnectedProps" Value="" />
                        <Var Name="ConnectionStateChangeCallback" Value="" />
                        <Var Name="FullGameSave" Value="false" />
                        <Var Name="PlayerLookAtCallback" Value="" />
                        <Var Name="PlayerLookAtCallbackAutoRemove" Value="false" />
                        <Var Name="PlayerInteractCallback" Value="" />
                        <Var Name="PlayerInteractCallbackAutoRemove" Value="false" />
                        <Var Name="ContainedItem" Value="None" />
                        <Var Name="DisableBreakable" Value="false" />
                        <Var Name="IsInsanityVision" Value="false" />
                        <Var Name="VisionMaxSanity" Value="30" />
                    </UserVariables>
                </Entity>
                <Entity Active="true" FileIndex="1" Group="0" ID="70" Name="storage_box_wood01_9" Rotation="3.14159 1.309 3.14159" Scale="1 1 1" Tag="" WorldPos="-4.70421 0 -3.4511">
                    <UserVariables>
                        <Var Name="CastShadows" Value="true" />
                        <Var Name="StaticPhysics" Value="false" />
                        <Var Name="IsAffectedByDecal" Value="false" />
                        <Var Name="CallbackFunc" Value="" />
                        <Var Name="ConnectedProps" Value="" />
                        <Var Name="ConnectionStateChangeCallback" Value="" />
                        <Var Name="FullGameSave" Value="false" />
                        <Var Name="PlayerLookAtCallback" Value="" />
                        <Var Name="PlayerLookAtCallbackAutoRemove" Value="false" />
                        <Var Name="PlayerInteractCallback" Value="" />
                        <Var Name="PlayerInteractCallbackAutoRemove" Value="false" />
                        <Var Name="ContainedItem" Value="None" />
                        <Var Name="DisableBreakable" Value="false" />
                        <Var Name="IsInsanityVision" Value="false" />
                        <Var Name="VisionMaxSanity" Value="30" />
                    </UserVariables>
                </Entity>
                <Entity Active="true" FileIndex="1" Group="0" ID="71" Name="storage_box_wood01_10" Rotation="-3.14159 0.523599 -3.14159" Scale="1 1 1" Tag="" WorldPos="-4.79887 0.699674 -3.44375">
                    <UserVariables>
                        <Var Name="CastShadows" Value="true" />
                        <Var Name="StaticPhysics" Value="false" />
                        <Var Name="IsAffectedByDecal" Value="false" />
                        <Var Name="CallbackFunc" Value="" />
                        <Var Name="ConnectedProps" Value="" />
                        <Var Name="ConnectionStateChangeCallback" Value="" />
                        <Var Name="FullGameSave" Value="false" />
                        <Var Name="PlayerLookAtCallback" Value="" />
                        <Var Name="PlayerLookAtCallbackAutoRemove" Value="false" />
                        <Var Name="PlayerInteractCallback" Value="" />
                        <Var Name="PlayerInteractCallbackAutoRemove" Value="false" />
                        <Var Name="ContainedItem" Value="None" />
                        <Var Name="DisableBreakable" Value="false" />
                        <Var Name="IsInsanityVision" Value="false" />
                        <Var Name="VisionMaxSanity" Value="30" />
                    </UserVariables>
                </Entity>
                <Entity Active="true" FileIndex="1" Group="0" ID="72" Name="storage_box_wood01_11" Rotation="3.14159 1.0472 3.14159" Scale="1 1 1" Tag="" WorldPos="5.37862 0 -6.92064">
                    <UserVariables>
                        <Var Name="CastShadows" Value="true" />
                        <Var Name="StaticPhysics" Value="false" />
                        <Var Name="IsAffectedByDecal" Value="false" />
                        <Var Name="CallbackFunc" Value="" />
                        <Var Name="ConnectedProps" Value="" />
                        <Var Name="ConnectionStateChangeCallback" Value="" />
                        <Var Name="FullGameSave" Value="false" />
                        <Var Name="PlayerLookAtCallback" Value="" />
                        <Var Name="PlayerLookAtCallbackAutoRemove" Value="false" />
                        <Var Name="PlayerInteractCallback" Value="" />
                        <Var Name="PlayerInteractCallbackAutoRemove" Value="false" />
                        <Var Name="ContainedItem" Value="None" />
                        <Var Name="DisableBreakable" Value="false" />
                        <Var Name="IsInsanityVision" Value="false" />
                        <Var Name="VisionMaxSanity" Value="30" />
                    </UserVariables>
                </Entity>
                <Entity Active="true" FileIndex="1" Group="0" ID="73" Name="storage_box_wood01_12" Rotation="-3.14159 0.523599 -3.14159" Scale="1 1 1" Tag="" WorldPos="5.44987 0.699673 -6.99738">
                    <UserVariables>
                        <Var Name="CastShadows" Value="true" />
                        <Var Name="StaticPhysics" Value="false" />
                        <Var Name="IsAffectedByDecal" Value="false" />
                        <Var Name="CallbackFunc" Value="" />
                        <Var Name="ConnectedProps" Value="" />
                        <Var Name="ConnectionStateChangeCallback" Value="" />
                        <Var Name="FullGameSave" Value="false" />
                        <Var Name="PlayerLookAtCallback" Value="" />
                        <Var Name="PlayerLookAtCallbackAutoRemove" Value="false" />
                        <Var Name="PlayerInteractCallback" Value="" />
                        <Var Name="PlayerInteractCallbackAutoRemove" Value="false" />
                        <Var Name="ContainedItem" Value="None" />
                        <Var Name="DisableBreakable" Value="false" />
                        <Var Name="IsInsanityVision" Value="false" />
                        <Var Name="VisionMaxSanity" Value="30" />
                    </UserVariables>
                </Entity>
                <Entity Active="true" FileIndex="1" Group="0" ID="74" Name="storage_box_wood01_13" Rotation="3.14159 -0.261799 3.14159" Scale="1 1 1" Tag="" WorldPos="1.8408 0 -7.28976">
                    <UserVariables>
                        <Var Name="CastShadows" Value="true" />
                        <Var Name="StaticPhysics" Value="false" />
                        <Var Name="IsAffectedByDecal" Value="false" />
                        <Var Name="CallbackFunc" Value="" />
                        <Var Name="ConnectedProps" Value="" />
                        <Var Name="ConnectionStateChangeCallback" Value="" />
                        <Var Name="FullGameSave" Value="false" />
                        <Var Name="PlayerLookAtCallback" Value="" />
                        <Var Name="PlayerLookAtCallbackAutoRemove" Value="false" />
                        <Var Name="PlayerInteractCallback" Value="" />
                        <Var Name="PlayerInteractCallbackAutoRemove" Value="false" />
                        <Var Name="ContainedItem" Value="None" />
                        <Var Name="DisableBreakable" Value="false" />
                        <Var Name="IsInsanityVision" Value="false" />
                        <Var Name="VisionMaxSanity" Value="30" />
                    </UserVariables>
                </Entity>
                <Entity Active="true" FileIndex="1" Group="0" ID="75" Name="storage_box_wood01_14" Rotation="-3.14159 0.261799 -3.14159" Scale="1 1 1" Tag="" WorldPos="1.87306 0.699674 -7.15036">
                    <UserVariables>
                        <Var Name="CastShadows" Value="true" />
                        <Var Name="StaticPhysics" Value="false" />
                        <Var Name="IsAffectedByDecal" Value="false" />
                        <Var Name="CallbackFunc" Value="" />
                        <Var Name="ConnectedProps" Value="" />
                        <Var Name="ConnectionStateChangeCallback" Value="" />
                        <Var Name="FullGameSave" Value="false" />
                        <Var Name="PlayerLookAtCallback" Value="" />
                        <Var Name="PlayerLookAtCallbackAutoRemove" Value="false" />
                        <Var Name="PlayerInteractCallback" Value="" />
                        <Var Name="PlayerInteractCallbackAutoRemove" Value="false" />
                        <Var Name="ContainedItem" Value="None" />
                        <Var Name="DisableBreakable" Value="false" />
                        <Var Name="IsInsanityVision" Value="false" />
                        <Var Name="VisionMaxSanity" Value="30" />
                    </UserVariables>
                </Entity>
                <Entity Active="true" FileIndex="1" Group="0" ID="76" Name="storage_box_wood01_15" Rotation="0 1.5708 0" Scale="1 1 1" Tag="" WorldPos="4.1925 0 -4.00386">
                    <UserVariables>
                        <Var Name="CastShadows" Value="true" />
                        <Var Name="StaticPhysics" Value="false" />
                        <Var Name="IsAffectedByDecal" Value="false" />
                        <Var Name="CallbackFunc" Value="" />
                        <Var Name="ConnectedProps" Value="" />
                        <Var Name="ConnectionStateChangeCallback" Value="" />
                        <Var Name="FullGameSave" Value="false" />
                        <Var Name="PlayerLookAtCallback" Value="" />
                        <Var Name="PlayerLookAtCallbackAutoRemove" Value="false" />
                        <Var Name="PlayerInteractCallback" Value="" />
                        <Var Name="PlayerInteractCallbackAutoRemove" Value="false" />
                        <Var Name="ContainedItem" Value="None" />
                        <Var Name="DisableBreakable" Value="false" />
                        <Var Name="IsInsanityVision" Value="false" />
                        <Var Name="VisionMaxSanity" Value="30" />
                    </UserVariables>
                </Entity>
                <Entity Active="true" FileIndex="1" Group="0" ID="77" Name="storage_box_wood01_16" Rotation="3.14159 1.0472 3.14159" Scale="1 1 1" Tag="" WorldPos="4.18074 0 -3.07921">
                    <UserVariables>
                        <Var Name="CastShadows" Value="true" />
                        <Var Name="StaticPhysics" Value="false" />
                        <Var Name="IsAffectedByDecal" Value="false" />
                        <Var Name="CallbackFunc" Value="" />
                        <Var Name="ConnectedProps" Value="" />
                        <Var Name="ConnectionStateChangeCallback" Value="" />
                        <Var Name="FullGameSave" Value="false" />
                        <Var Name="PlayerLookAtCallback" Value="" />
                        <Var Name="PlayerLookAtCallbackAutoRemove" Value="false" />
                        <Var Name="PlayerInteractCallback" Value="" />
                        <Var Name="PlayerInteractCallbackAutoRemove" Value="false" />
                        <Var Name="ContainedItem" Value="None" />
                        <Var Name="DisableBreakable" Value="false" />
                        <Var Name="IsInsanityVision" Value="false" />
                        <Var Name="VisionMaxSanity" Value="30" />
                    </UserVariables>
                </Entity>
                <Entity Active="true" FileIndex="1" Group="0" ID="78" Name="storage_box_wood01_17" Rotation="0 1.5708 0" Scale="1 1 1" Tag="" WorldPos="4.61975 0 -0.743343">
                    <UserVariables>
                        <Var Name="CastShadows" Value="true" />
                        <Var Name="StaticPhysics" Value="false" />
                        <Var Name="IsAffectedByDecal" Value="false" />
                        <Var Name="CallbackFunc" Value="" />
                        <Var Name="ConnectedProps" Value="" />
                        <Var Name="ConnectionStateChangeCallback" Value="" />
                        <Var Name="FullGameSave" Value="false" />
                        <Var Name="PlayerLookAtCallback" Value="" />
                        <Var Name="PlayerLookAtCallbackAutoRemove" Value="false" />
                        <Var Name="PlayerInteractCallback" Value="" />
                        <Var Name="PlayerInteractCallbackAutoRemove" Value="false" />
                        <Var Name="ContainedItem" Value="None" />
                        <Var Name="DisableBreakable" Value="false" />
                        <Var Name="IsInsanityVision" Value="false" />
                        <Var Name="VisionMaxSanity" Value="30" />
                    </UserVariables>
                </Entity>
                <Entity Active="true" FileIndex="1" Group="0" ID="79" Name="storage_box_wood01_18" Rotation="0 1.5708 0" Scale="1 1 1" Tag="" WorldPos="5.1704 0 2.95334">
                    <UserVariables>
                        <Var Name="CastShadows" Value="true" />
                        <Var Name="StaticPhysics" Value="false" />
                        <Var Name="IsAffectedByDecal" Value="false" />
                        <Var Name="CallbackFunc" Value="" />
                        <Var Name="ConnectedProps" Value="" />
                        <Var Name="ConnectionStateChangeCallback" Value="" />
                        <Var Name="FullGameSave" Value="false" />
                        <Var Name="PlayerLookAtCallback" Value="" />
                        <Var Name="PlayerLookAtCallbackAutoRemove" Value="false" />
                        <Var Name="PlayerInteractCallback" Value="" />
                        <Var Name="PlayerInteractCallbackAutoRemove" Value="false" />
                        <Var Name="ContainedItem" Value="None" />
                        <Var Name="DisableBreakable" Value="false" />
                        <Var Name="IsInsanityVision" Value="false" />
                        <Var Name="VisionMaxSanity" Value="30" />
                    </UserVariables>
                </Entity>
                <Entity Active="true" FileIndex="1" Group="0" ID="80" Name="storage_box_wood01_19" Rotation="3.14159 1.309 3.14159" Scale="1 1 1" Tag="" WorldPos="5.1451 0 2.21262">
                    <UserVariables>
                        <Var Name="CastShadows" Value="true" />
                        <Var Name="StaticPhysics" Value="false" />
                        <Var Name="IsAffectedByDecal" Value="false" />
                        <Var Name="CallbackFunc" Value="" />
                        <Var Name="ConnectedProps" Value="" />
                        <Var Name="ConnectionStateChangeCallback" Value="" />
                        <Var Name="FullGameSave" Value="false" />
                        <Var Name="PlayerLookAtCallback" Value="" />
                        <Var Name="PlayerLookAtCallbackAutoRemove" Value="false" />
                        <Var Name="PlayerInteractCallback" Value="" />
                        <Var Name="PlayerInteractCallbackAutoRemove" Value="false" />
                        <Var Name="ContainedItem" Value="None" />
                        <Var Name="DisableBreakable" Value="false" />
                        <Var Name="IsInsanityVision" Value="false" />
                        <Var Name="VisionMaxSanity" Value="30" />
                    </UserVariables>
                </Entity>
                <Entity Active="true" FileIndex="1" Group="0" ID="81" Name="storage_box_wood01_20" Rotation="3.14159 1.309 3.14159" Scale="1 1 1" Tag="" WorldPos="5.09832 0.699673 2.6911">
                    <UserVariables>
                        <Var Name="CastShadows" Value="true" />
                        <Var Name="StaticPhysics" Value="false" />
                        <Var Name="IsAffectedByDecal" Value="false" />
                        <Var Name="CallbackFunc" Value="" />
                        <Var Name="ConnectedProps" Value="" />
                        <Var Name="ConnectionStateChangeCallback" Value="" />
                        <Var Name="FullGameSave" Value="false" />
                        <Var Name="PlayerLookAtCallback" Value="" />
                        <Var Name="PlayerLookAtCallbackAutoRemove" Value="false" />
                        <Var Name="PlayerInteractCallback" Value="" />
                        <Var Name="PlayerInteractCallbackAutoRemove" Value="false" />
                        <Var Name="ContainedItem" Value="None" />
                        <Var Name="DisableBreakable" Value="false" />
                        <Var Name="IsInsanityVision" Value="false" />
                        <Var Name="VisionMaxSanity" Value="30" />
                    </UserVariables>
                </Entity>
                <Entity Active="true" FileIndex="1" Group="0" ID="82" Name="storage_box_wood01_21" Rotation="3.14159 1.309 3.14159" Scale="1 1 1" Tag="" WorldPos="1.62692 0 3.24786">
                    <UserVariables>
                        <Var Name="CastShadows" Value="true" />
                        <Var Name="StaticPhysics" Value="false" />
                        <Var Name="IsAffectedByDecal" Value="false" />
                        <Var Name="CallbackFunc" Value="" />
                        <Var Name="ConnectedProps" Value="" />
                        <Var Name="ConnectionStateChangeCallback" Value="" />
                        <Var Name="FullGameSave" Value="false" />
                        <Var Name="PlayerLookAtCallback" Value="" />
                        <Var Name="PlayerLookAtCallbackAutoRemove" Value="false" />
                        <Var Name="PlayerInteractCallback" Value="" />
                        <Var Name="PlayerInteractCallbackAutoRemove" Value="false" />
                        <Var Name="ContainedItem" Value="None" />
                        <Var Name="DisableBreakable" Value="false" />
                        <Var Name="IsInsanityVision" Value="false" />
                        <Var Name="VisionMaxSanity" Value="30" />
                    </UserVariables>
                </Entity>
                <Entity Active="true" FileIndex="1" Group="0" ID="83" Name="storage_box_wood01_22" Rotation="-3.14159 1.309 -3.14159" Scale="1 1 1" Tag="" WorldPos="1.55346 0.699674 3.06301">
                    <UserVariables>
                        <Var Name="CastShadows" Value="true" />
                        <Var Name="StaticPhysics" Value="false" />
                        <Var Name="IsAffectedByDecal" Value="false" />
                        <Var Name="CallbackFunc" Value="" />
                        <Var Name="ConnectedProps" Value="" />
                        <Var Name="ConnectionStateChangeCallback" Value="" />
                        <Var Name="FullGameSave" Value="false" />
                        <Var Name="PlayerLookAtCallback" Value="" />
                        <Var Name="PlayerLookAtCallbackAutoRemove" Value="false" />
                        <Var Name="PlayerInteractCallback" Value="" />
                        <Var Name="PlayerInteractCallbackAutoRemove" Value="false" />
                        <Var Name="ContainedItem" Value="None" />
                        <Var Name="DisableBreakable" Value="false" />
                        <Var Name="IsInsanityVision" Value="false" />
                        <Var Name="VisionMaxSanity" Value="30" />
                    </UserVariables>
                </Entity>
                <Entity Active="true" FileIndex="1" Group="0" ID="84" Name="storage_box_wood01_23" Rotation="3.14159 1.309 3.14159" Scale="1 1 1" Tag="" WorldPos="-1.28171 0 3.02815">
                    <UserVariables>
                        <Var Name="CastShadows" Value="true" />
                        <Var Name="StaticPhysics" Value="false" />
                        <Var Name="IsAffectedByDecal" Value="false" />
                        <Var Name="CallbackFunc" Value="" />
                        <Var Name="ConnectedProps" Value="" />
                        <Var Name="ConnectionStateChangeCallback" Value="" />
                        <Var Name="FullGameSave" Value="false" />
                        <Var Name="PlayerLookAtCallback" Value="" />
                        <Var Name="PlayerLookAtCallbackAutoRemove" Value="false" />
                        <Var Name="PlayerInteractCallback" Value="" />
                        <Var Name="PlayerInteractCallbackAutoRemove" Value="false" />
                        <Var Name="ContainedItem" Value="None" />
                        <Var Name="DisableBreakable" Value="false" />
                        <Var Name="IsInsanityVision" Value="false" />
                        <Var Name="VisionMaxSanity" Value="30" />
                    </UserVariables>
                </Entity>
                <Entity Active="true" FileIndex="1" Group="0" ID="87" Name="storage_box_wood01_24" Rotation="0 1.5708 0" Scale="1 1 1" Tag="" WorldPos="-1.35456 0 2.09973">
                    <UserVariables>
                        <Var Name="CastShadows" Value="true" />
                        <Var Name="StaticPhysics" Value="false" />
                        <Var Name="IsAffectedByDecal" Value="false" />
                        <Var Name="CallbackFunc" Value="" />
                        <Var Name="ConnectedProps" Value="" />
                        <Var Name="ConnectionStateChangeCallback" Value="" />
                        <Var Name="FullGameSave" Value="false" />
                        <Var Name="PlayerLookAtCallback" Value="" />
                        <Var Name="PlayerLookAtCallbackAutoRemove" Value="false" />
                        <Var Name="PlayerInteractCallback" Value="" />
                        <Var Name="PlayerInteractCallbackAutoRemove" Value="false" />
                        <Var Name="ContainedItem" Value="None" />
                        <Var Name="DisableBreakable" Value="false" />
                        <Var Name="IsInsanityVision" Value="false" />
                        <Var Name="VisionMaxSanity" Value="30" />
                    </UserVariables>
                </Entity>
                <BoxLight Active="true" BlendFunc="0" CastShadows="false" DiffuseColor="0.207 0.139 0.138 1" FalloffMap="" FlickerActive="false" FlickerFade="false" FlickerOffColor="0 0 0 1" FlickerOffFadeMaxLength="0" FlickerOffFadeMinLength="0" FlickerOffMaxLength="0" FlickerOffMinLength="0" FlickerOffPS="" FlickerOffRadius="0" FlickerOffSound="" FlickerOnFadeMaxLength="0" FlickerOnFadeMinLength="0" FlickerOnMaxLength="0" FlickerOnMinLength="0" FlickerOnPS="" FlickerOnSound="" Gobo="" GoboAnimFrameTime="0" GoboAnimMode="None" Group="0" ID="97" Name="BoxLight_1" Radius="1" Rotation="0 -0 0" Scale="17.2426 13.3 40.782" ShadowResolution="High" ShadowsAffectDynamic="true" ShadowsAffectStatic="true" Size="17.2426 13.3 40.782" Tag="" WorldPos="-0.286828 0 -8.04088" />
            </Entities>
            <Misc />
            <StaticObjectCombos />
        </MapContents>
    </MapData>
</Level>
